// Jest Snapshot v1, https://goo.gl/fbAQLP

exports[`MeetingLink component should render without issues 1`] = `
<div
  className="rce-mtlink"
>
  <div
    className="rce-mtlink-content"
  >
    <div
      className="rce-mtlink-item"
    >
      <div
        className="rce-mtlink-title"
      />
    </div>
    <div
      className="rce-mtlink-btn"
    />
  </div>
</div>
`;
