// Jest Snapshot v1, https://goo.gl/fbAQLP

exports[`Input component should render without issues 1`] = `
<div
  className="rce-container-input"
>
  <input
    className="rce-input"
    onChange={[Function]}
    placeholder=""
    style={null}
    type="text"
    value=""
  />
</div>
`;
