// Jest Snapshot v1, https://goo.gl/fbAQLP

exports[`SpotifyMessage component should render without issues 1`] = `null`;
