// Jest Snapshot v1, https://goo.gl/fbAQLP

exports[`VideoMessage component should render without issues 1`] = `
<div
  className="rce-mbox-video padding-time"
>
  <div
    className="rce-mbox-video--video"
    style={Object {}}
  >
    <img />
  </div>
</div>
`;
