// Jest Snapshot v1, https://goo.gl/fbAQLP

exports[`MessageList component should render without issues 1`] = `
<div
  className="rce-container-mlist"
>
  <div
    className="rce-mlist"
    onScroll={[Function]}
  />
</div>
`;
